-- Found ament_cmake: 2.5.3 (/opt/ros/jazzy/share/ament_cmake/cmake)
-- Override CMake install command with custom implementation using symlinks instead of copying resources
-- Found ament_lint_auto: 0.17.1 (/opt/ros/jazzy/share/ament_lint_auto/cmake)
-- Added test 'flake8' to check Python code syntax and style conventions
-- Configured 'flake8' exclude dirs and/or files: 
-- Added test 'lint_cmake' to check CMake code style
-- Added test 'pep257' to check Python code against some of the docstring style conventions in PEP 257
-- Added test 'xmllint' to check XML markup files
-- Configuring done (0.4s)
-- Generating done (0.0s)
-- Build files have been written to: /home/ubuntu/NAV2/src/build/vipnav
-- Install configuration: ""
-- Execute custom install script
-- Symlinking: /home/ubuntu/NAV2/src/install/vipnav/share/vipnav/config/gaz_ros2_ctl_use_sim.yaml
-- Symlinking: /home/ubuntu/NAV2/src/install/vipnav/share/vipnav/config/gz_bridge.yaml
-- Symlinking: /home/ubuntu/NAV2/src/install/vipnav/share/vipnav/config/mapper_params_online_async.yaml
-- Symlinking: /home/ubuntu/NAV2/src/install/vipnav/share/vipnav/config/my_controllers.yaml
-- Symlinking: /home/ubuntu/NAV2/src/install/vipnav/share/vipnav/config/twist_mux.yaml
-- Symlinking: /home/ubuntu/NAV2/src/install/vipnav/share/vipnav/description/face.xacro
-- Symlinking: /home/ubuntu/NAV2/src/install/vipnav/share/vipnav/description/gazebo_control.xacro
-- Symlinking: /home/ubuntu/NAV2/src/install/vipnav/share/vipnav/description/inertial_macros.xacro
-- Symlinking: /home/ubuntu/NAV2/src/install/vipnav/share/vipnav/description/lidar.xacro
-- Symlinking: /home/ubuntu/NAV2/src/install/vipnav/share/vipnav/description/robot.urdf.xacro
-- Symlinking: /home/ubuntu/NAV2/src/install/vipnav/share/vipnav/description/robot_core.xacro
-- Symlinking: /home/ubuntu/NAV2/src/install/vipnav/share/vipnav/description/ros2_control.xacro
-- Symlinking: /home/ubuntu/NAV2/src/install/vipnav/share/vipnav/launch/keyboard.launch.py
-- Symlinking: /home/ubuntu/NAV2/src/install/vipnav/share/vipnav/launch/launch_sim.launch.py
-- Symlinking: /home/ubuntu/NAV2/src/install/vipnav/share/vipnav/launch/rsp.launch.py
-- Symlinking: /home/ubuntu/NAV2/src/install/vipnav/share/vipnav/launch/rviz2.launch.py
-- Symlinking: /home/ubuntu/NAV2/src/install/vipnav/share/vipnav/launch/slam.launch.py
-- Symlinking: /home/ubuntu/NAV2/src/install/vipnav/share/vipnav/launch/waypoint_launch.py
-- Symlinking: /home/ubuntu/NAV2/src/install/vipnav/share/vipnav/worlds/empty.world
-- Symlinking: /home/ubuntu/NAV2/src/install/vipnav/share/vipnav/worlds/obstacles.world
-- Symlinking: /home/ubuntu/NAV2/src/install/vipnav/share/vipnav/node/waypoint_publisher.py
-- Symlinking: /home/ubuntu/NAV2/src/install/vipnav/lib/vipnav/waypoint_publisher.py
-- Symlinking: /home/ubuntu/NAV2/src/install/vipnav/share/ament_index/resource_index/package_run_dependencies/vipnav
-- Symlinking: /home/ubuntu/NAV2/src/install/vipnav/share/ament_index/resource_index/parent_prefix_path/vipnav
-- Symlinking: /home/ubuntu/NAV2/src/install/vipnav/share/vipnav/environment/ament_prefix_path.sh
-- Symlinking: /home/ubuntu/NAV2/src/install/vipnav/share/vipnav/environment/ament_prefix_path.dsv
-- Symlinking: /home/ubuntu/NAV2/src/install/vipnav/share/vipnav/environment/path.sh
-- Symlinking: /home/ubuntu/NAV2/src/install/vipnav/share/vipnav/environment/path.dsv
-- Symlinking: /home/ubuntu/NAV2/src/install/vipnav/share/vipnav/local_setup.bash
-- Symlinking: /home/ubuntu/NAV2/src/install/vipnav/share/vipnav/local_setup.sh
-- Symlinking: /home/ubuntu/NAV2/src/install/vipnav/share/vipnav/local_setup.zsh
-- Symlinking: /home/ubuntu/NAV2/src/install/vipnav/share/vipnav/local_setup.dsv
-- Symlinking: /home/ubuntu/NAV2/src/install/vipnav/share/vipnav/package.dsv
-- Symlinking: /home/ubuntu/NAV2/src/install/vipnav/share/ament_index/resource_index/packages/vipnav
-- Symlinking: /home/ubuntu/NAV2/src/install/vipnav/share/vipnav/cmake/vipnavConfig.cmake
-- Symlinking: /home/ubuntu/NAV2/src/install/vipnav/share/vipnav/cmake/vipnavConfig-version.cmake
-- Symlinking: /home/ubuntu/NAV2/src/install/vipnav/share/vipnav/package.xml
