[0.015s] Invoking command in '/home/ubuntu/NAV2/src/build/vipnav': CMAKE_PREFIX_PATH=${CMAKE_PREFIX_PATH}:/opt/ros/jazzy /usr/bin/cmake --build /home/ubuntu/NAV2/src/build/vipnav -- -j16 -l16
[0.038s] -- Found ament_cmake: 2.5.5 (/opt/ros/jazzy/share/ament_cmake/cmake)
[0.276s] -- Override CMake install command with custom implementation using symlinks instead of copying resources
[0.283s] -- Found ament_lint_auto: 0.17.4 (/opt/ros/jazzy/share/ament_lint_auto/cmake)
[0.366s] [31mCMake Error at /opt/ros/jazzy/share/ament_cmake_core/cmake/symlink_install/install.cmake:43 (_install):
[0.366s]   _install does not recognize sub-command TARGET
[0.366s] Call Stack (most recent call first):
[0.366s]   CMakeLists.txt:37 (install)
[0.366s] 
[0.366s] [0m
[0.369s] -- Added test 'cppcheck' to perform static code analysis on C / C++ code
[0.369s] -- Configured cppcheck include dirs: 
[0.370s] -- Configured cppcheck exclude dirs and/or files: 
[0.370s] -- Added test 'flake8' to check Python code syntax and style conventions
[0.370s] -- Configured 'flake8' exclude dirs and/or files: 
[0.370s] -- Added test 'lint_cmake' to check CMake code style
[0.370s] -- Added test 'pep257' to check Python code against some of the docstring style conventions in PEP 257
[0.371s] -- Added test 'uncrustify' to check C / C++ code style
[0.371s] -- Configured uncrustify additional arguments: 
[0.372s] -- Added test 'xmllint' to check XML markup files
[0.373s] -- Configuring incomplete, errors occurred!
[0.375s] gmake: *** [Makefile:226: cmake_check_build_system] Error 1
[0.378s] Invoked command in '/home/ubuntu/NAV2/src/build/vipnav' returned '2': CMAKE_PREFIX_PATH=${CMAKE_PREFIX_PATH}:/opt/ros/jazzy /usr/bin/cmake --build /home/ubuntu/NAV2/src/build/vipnav -- -j16 -l16
