[0.014s] Invoking command in '/home/ubuntu/NAV2/src/build/vipnav': CMAKE_PREFIX_PATH=${CMAKE_PREFIX_PATH}:/opt/ros/jazzy /usr/bin/cmake --build /home/ubuntu/NAV2/src/build/vipnav -- -j16 -l16
[0.035s] -- Found ament_cmake: 2.5.5 (/opt/ros/jazzy/share/ament_cmake/cmake)
[0.260s] -- Override CMake install command with custom implementation using symlinks instead of copying resources
[0.267s] -- Found ament_lint_auto: 0.17.4 (/opt/ros/jazzy/share/ament_lint_auto/cmake)
[0.267s] -- Found geometry_msgs: 5.3.6 (/opt/ros/jazzy/share/geometry_msgs/cmake)
[0.298s] -- Found rosidl_generator_c: 4.6.7 (/opt/ros/jazzy/share/rosidl_generator_c/cmake)
[0.307s] -- Found rosidl_generator_cpp: 4.6.7 (/opt/ros/jazzy/share/rosidl_generator_cpp/cmake)
[0.316s] -- Using all available rosidl_typesupport_c: rosidl_typesupport_fastrtps_c;rosidl_typesupport_introspection_c
[0.328s] -- Using all available rosidl_typesupport_cpp: rosidl_typesupport_fastrtps_cpp;rosidl_typesupport_introspection_cpp
[0.390s] [31mCMake Error at CMakeLists.txt:17 (find_package):
[0.390s]   By not providing "Findrlcpp.cmake" in CMAKE_MODULE_PATH this project has
[0.390s]   asked CMake to find a package configuration file provided by "rlcpp", but
[0.390s]   CMake did not find one.
[0.390s] 
[0.390s]   Could not find a package configuration file provided by "rlcpp" with any of
[0.390s]   the following names:
[0.391s] 
[0.391s]     rlcppConfig.cmake
[0.391s]     rlcpp-config.cmake
[0.391s] 
[0.391s]   Add the installation prefix of "rlcpp" to CMAKE_PREFIX_PATH or set
[0.391s]   "rlcpp_DIR" to a directory containing one of the above files.  If "rlcpp"
[0.391s]   provides a separate development package or SDK, be sure it has been
[0.391s]   installed.
[0.391s] 
[0.391s] [0m
[0.391s] -- Configuring incomplete, errors occurred!
[0.394s] gmake: *** [Makefile:267: cmake_check_build_system] Error 1
[0.397s] Invoked command in '/home/ubuntu/NAV2/src/build/vipnav' returned '2': CMAKE_PREFIX_PATH=${CMAKE_PREFIX_PATH}:/opt/ros/jazzy /usr/bin/cmake --build /home/ubuntu/NAV2/src/build/vipnav -- -j16 -l16
