[0.011s] Invoking command in '/home/ubuntu/NAV2/src/build/vipnav': CMAKE_PREFIX_PATH=${CMAKE_PREFIX_PATH}:/opt/ros/jazzy /usr/bin/cmake --build /home/ubuntu/NAV2/src/build/vipnav -- -j16 -l16
[0.075s] [ 50%] [32mBuilding CXX object CMakeFiles/velocity_listener.dir/node/velocity_listener.cpp.o[0m
[7.293s] [100%] [32m[1mLinking CXX executable velocity_listener[0m
[7.621s] [100%] Built target velocity_listener
[7.634s] Invoked command in '/home/ubuntu/NAV2/src/build/vipnav' returned '0': CMAKE_PREFIX_PATH=${CMAKE_PREFIX_PATH}:/opt/ros/jazzy /usr/bin/cmake --build /home/ubuntu/NAV2/src/build/vipnav -- -j16 -l16
[7.644s] Invoking command in '/home/ubuntu/NAV2/src/build/vipnav': CMAKE_PREFIX_PATH=${CMAKE_PREFIX_PATH}:/opt/ros/jazzy /usr/bin/cmake --install /home/ubuntu/NAV2/src/build/vipnav
[7.651s] -- Install configuration: ""
[7.651s] -- Execute custom install script
[7.652s] -- Up-to-date symlink: /home/ubuntu/NAV2/src/install/vipnav/share/vipnav/config/gaz_ros2_ctl_use_sim.yaml
[7.652s] -- Up-to-date symlink: /home/ubuntu/NAV2/src/install/vipnav/share/vipnav/config/gz_bridge.yaml
[7.652s] -- Up-to-date symlink: /home/ubuntu/NAV2/src/install/vipnav/share/vipnav/config/mapper_params_online_async.yaml
[7.652s] -- Up-to-date symlink: /home/ubuntu/NAV2/src/install/vipnav/share/vipnav/config/my_controllers.yaml
[7.652s] -- Up-to-date symlink: /home/ubuntu/NAV2/src/install/vipnav/share/vipnav/config/nav2_params.yaml
[7.653s] -- Up-to-date symlink: /home/ubuntu/NAV2/src/install/vipnav/share/vipnav/config/twist_mux.yaml
[7.653s] -- Up-to-date symlink: /home/ubuntu/NAV2/src/install/vipnav/share/vipnav/description/face.xacro
[7.653s] -- Up-to-date symlink: /home/ubuntu/NAV2/src/install/vipnav/share/vipnav/description/gazebo_control.xacro
[7.653s] -- Up-to-date symlink: /home/ubuntu/NAV2/src/install/vipnav/share/vipnav/description/inertial_macros.xacro
[7.653s] -- Up-to-date symlink: /home/ubuntu/NAV2/src/install/vipnav/share/vipnav/description/lidar.xacro
[7.653s] -- Up-to-date symlink: /home/ubuntu/NAV2/src/install/vipnav/share/vipnav/description/robot.urdf.xacro
[7.654s] -- Up-to-date symlink: /home/ubuntu/NAV2/src/install/vipnav/share/vipnav/description/robot_core.xacro
[7.654s] -- Up-to-date symlink: /home/ubuntu/NAV2/src/install/vipnav/share/vipnav/description/ros2_control.xacro
[7.654s] -- Up-to-date symlink: /home/ubuntu/NAV2/src/install/vipnav/share/vipnav/launch/keyboard.launch.py
[7.654s] -- Up-to-date symlink: /home/ubuntu/NAV2/src/install/vipnav/share/vipnav/launch/launch_sim.launch.py
[7.655s] -- Up-to-date symlink: /home/ubuntu/NAV2/src/install/vipnav/share/vipnav/launch/navigation_launch.py
[7.655s] -- Up-to-date symlink: /home/ubuntu/NAV2/src/install/vipnav/share/vipnav/launch/rsp.launch.py
[7.655s] -- Up-to-date symlink: /home/ubuntu/NAV2/src/install/vipnav/share/vipnav/launch/rviz2.launch.py
[7.655s] -- Up-to-date symlink: /home/ubuntu/NAV2/src/install/vipnav/share/vipnav/launch/slam.launch.py
[7.655s] -- Up-to-date symlink: /home/ubuntu/NAV2/src/install/vipnav/share/vipnav/worlds/empty.world
[7.655s] -- Up-to-date symlink: /home/ubuntu/NAV2/src/install/vipnav/share/vipnav/worlds/obstacles.world
[7.656s] -- Up-to-date symlink: /home/ubuntu/NAV2/src/install/vipnav/share/vipnav/node/velocity_listener.cpp
[7.656s] -- Up-to-date symlink: /home/ubuntu/NAV2/src/install/vipnav/share/vipnav/node/waypoint_publisher.py
[7.656s] -- Up-to-date symlink: /home/ubuntu/NAV2/src/install/vipnav/lib/vipnav/waypoint_publisher.py
[7.656s] -- Symlinking: /home/ubuntu/NAV2/src/install/vipnav/lib/vipnav/velocity_listener
[7.663s] -- Up-to-date symlink: /home/ubuntu/NAV2/src/install/vipnav/share/ament_index/resource_index/package_run_dependencies/vipnav
[7.663s] -- Up-to-date symlink: /home/ubuntu/NAV2/src/install/vipnav/share/ament_index/resource_index/parent_prefix_path/vipnav
[7.664s] -- Up-to-date symlink: /home/ubuntu/NAV2/src/install/vipnav/share/vipnav/environment/ament_prefix_path.sh
[7.664s] -- Up-to-date symlink: /home/ubuntu/NAV2/src/install/vipnav/share/vipnav/environment/ament_prefix_path.dsv
[7.664s] -- Up-to-date symlink: /home/ubuntu/NAV2/src/install/vipnav/share/vipnav/environment/path.sh
[7.664s] -- Up-to-date symlink: /home/ubuntu/NAV2/src/install/vipnav/share/vipnav/environment/path.dsv
[7.664s] -- Up-to-date symlink: /home/ubuntu/NAV2/src/install/vipnav/share/vipnav/local_setup.bash
[7.664s] -- Up-to-date symlink: /home/ubuntu/NAV2/src/install/vipnav/share/vipnav/local_setup.sh
[7.664s] -- Up-to-date symlink: /home/ubuntu/NAV2/src/install/vipnav/share/vipnav/local_setup.zsh
[7.665s] -- Up-to-date symlink: /home/ubuntu/NAV2/src/install/vipnav/share/vipnav/local_setup.dsv
[7.665s] -- Symlinking: /home/ubuntu/NAV2/src/install/vipnav/share/vipnav/package.dsv
[7.678s] -- Up-to-date symlink: /home/ubuntu/NAV2/src/install/vipnav/share/ament_index/resource_index/packages/vipnav
[7.678s] -- Up-to-date symlink: /home/ubuntu/NAV2/src/install/vipnav/share/vipnav/cmake/vipnavConfig.cmake
[7.679s] -- Up-to-date symlink: /home/ubuntu/NAV2/src/install/vipnav/share/vipnav/cmake/vipnavConfig-version.cmake
[7.679s] -- Up-to-date symlink: /home/ubuntu/NAV2/src/install/vipnav/share/vipnav/package.xml
[7.680s] Invoked command in '/home/ubuntu/NAV2/src/build/vipnav' returned '0': CMAKE_PREFIX_PATH=${CMAKE_PREFIX_PATH}:/opt/ros/jazzy /usr/bin/cmake --install /home/ubuntu/NAV2/src/build/vipnav
