[0.135s] Invoking command in '/home/ubuntu/NAV2/src/build/vipnav': CMAKE_PREFIX_PATH=${CMAKE_PREFIX_PATH}:/opt/ros/jazzy /usr/bin/cmake --build /home/ubuntu/NAV2/src/build/vipnav -- -j20 -l20
[1.690s] [ 50%] [32mBuilding CXX object CMakeFiles/velocity_listener.dir/node/velocity_listener.cpp.o[0m
[5.942s] [01m[K/home/ubuntu/NAV2/src/vipnav/node/velocity_listener.cpp:46:8:[m[K [01;31m[Kerror: [m[Kvariable or field ‘[01m[Ktopic_callback[m[K’ declared void
[5.942s]    46 |   void [01;31m[Ktopic_callback[m[K<geometry_msgs::msg::Twist>(geometry_msgs::msg::Twist msg) {
[5.943s]       |        [01;31m[K^~~~~~~~~~~~~~[m[K
[5.944s] [01m[K/home/ubuntu/NAV2/src/vipnav/node/velocity_listener.cpp:46:8:[m[K [01;31m[Kerror: [m[Kexpected ‘[01m[K;[m[K’ at end of member declaration
[5.944s]    46 |   void [01;31m[Ktopic_callback[m[K<geometry_msgs::msg::Twist>(geometry_msgs::msg::Twist msg) {
[5.944s]       |        [01;31m[K^~~~~~~~~~~~~~[m[K
[5.944s]       |                      [32m[K;[m[K
[5.945s] [01m[K/home/ubuntu/NAV2/src/vipnav/node/velocity_listener.cpp:46:22:[m[K [01;31m[Kerror: [m[Kexpected unqualified-id before ‘[01m[K<[m[K’ token
[5.945s]    46 |   void topic_callback[01;31m[K<[m[Kgeometry_msgs::msg::Twist>(geometry_msgs::msg::Twist msg) {
[5.945s]       |                      [01;31m[K^[m[K
[5.946s] [01m[K/home/ubuntu/NAV2/src/vipnav/node/velocity_listener.cpp:[m[K In constructor ‘[01m[Kvelocity_listener::[01;32m[Kvelocity_listener[m[K()[m[K’:
[5.946s] [01m[K/home/ubuntu/NAV2/src/vipnav/node/velocity_listener.cpp:39:45:[m[K [01;31m[Kerror: [m[K‘[01m[Ktopic_callback[m[K’ is not a member of ‘[01m[Kvelocity_listener[m[K’
[5.946s]    39 |         "/cmd_vel", 10, &velocity_listener::[01;31m[Ktopic_callback[m[K);
[5.946s]       |                                             [01;31m[K^~~~~~~~~~~~~~[m[K
[7.182s] gmake[2]: *** [CMakeFiles/velocity_listener.dir/build.make:76: CMakeFiles/velocity_listener.dir/node/velocity_listener.cpp.o] Error 1
[7.182s] gmake[1]: *** [CMakeFiles/Makefile2:137: CMakeFiles/velocity_listener.dir/all] Error 2
[7.182s] gmake: *** [Makefile:146: all] Error 2
[7.186s] Invoked command in '/home/ubuntu/NAV2/src/build/vipnav' returned '2': CMAKE_PREFIX_PATH=${CMAKE_PREFIX_PATH}:/opt/ros/jazzy /usr/bin/cmake --build /home/ubuntu/NAV2/src/build/vipnav -- -j20 -l20
