[0.021s] Invoking command in '/home/ubuntu/NAV2/src/build/NAV2': CMAKE_PREFIX_PATH=${CMAKE_PREFIX_PATH}:/opt/ros/jazzy /usr/bin/cmake --build /home/ubuntu/NAV2/src/build/NAV2 -- -j16 -l16
[0.095s] -- Found ament_cmake: 2.5.3 (/opt/ros/jazzy/share/ament_cmake/cmake)
[0.327s] -- Override CMake install command with custom implementation using symlinks instead of copying resources
[0.347s] -- Found ament_lint_auto: 0.17.1 (/opt/ros/jazzy/share/ament_lint_auto/cmake)
[0.409s] WARNING: Package name "NAV2" does not follow the naming conventions. It should start with a lower case letter and only contain lower case letters, digits, underscores, and dashes.
[0.441s] -- Added test 'flake8' to check Python code syntax and style conventions
[0.441s] -- Configured 'flake8' exclude dirs and/or files: 
[0.441s] -- Added test 'lint_cmake' to check CMake code style
[0.442s] -- Added test 'pep257' to check Python code against some of the docstring style conventions in PEP 257
[0.443s] -- Added test 'xmllint' to check XML markup files
[0.445s] -- Configuring done (0.4s)
[0.450s] -- Generating done (0.0s)
[0.452s] -- Build files have been written to: /home/ubuntu/NAV2/src/build/NAV2
[0.470s] Invoked command in '/home/ubuntu/NAV2/src/build/NAV2' returned '0': CMAKE_PREFIX_PATH=${CMAKE_PREFIX_PATH}:/opt/ros/jazzy /usr/bin/cmake --build /home/ubuntu/NAV2/src/build/NAV2 -- -j16 -l16
[0.480s] Invoking command in '/home/ubuntu/NAV2/src/build/NAV2': CMAKE_PREFIX_PATH=${CMAKE_PREFIX_PATH}:/opt/ros/jazzy /usr/bin/cmake --install /home/ubuntu/NAV2/src/build/NAV2
[0.488s] -- Install configuration: ""
[0.488s] -- Execute custom install script
[0.489s] -- Up-to-date symlink: /home/ubuntu/NAV2/src/install/NAV2/share/NAV2/config/gaz_ros2_ctl_use_sim.yaml
[0.489s] -- Up-to-date symlink: /home/ubuntu/NAV2/src/install/NAV2/share/NAV2/config/gz_bridge.yaml
[0.489s] -- Up-to-date symlink: /home/ubuntu/NAV2/src/install/NAV2/share/NAV2/config/mapper_params_online_async.yaml
[0.489s] -- Up-to-date symlink: /home/ubuntu/NAV2/src/install/NAV2/share/NAV2/config/my_controllers.yaml
[0.489s] -- Up-to-date symlink: /home/ubuntu/NAV2/src/install/NAV2/share/NAV2/config/twist_mux.yaml
[0.490s] -- Up-to-date symlink: /home/ubuntu/NAV2/src/install/NAV2/share/NAV2/description/face.xacro
[0.490s] -- Up-to-date symlink: /home/ubuntu/NAV2/src/install/NAV2/share/NAV2/description/gazebo_control.xacro
[0.490s] -- Up-to-date symlink: /home/ubuntu/NAV2/src/install/NAV2/share/NAV2/description/inertial_macros.xacro
[0.490s] -- Up-to-date symlink: /home/ubuntu/NAV2/src/install/NAV2/share/NAV2/description/lidar.xacro
[0.490s] -- Up-to-date symlink: /home/ubuntu/NAV2/src/install/NAV2/share/NAV2/description/robot.urdf.xacro
[0.490s] -- Up-to-date symlink: /home/ubuntu/NAV2/src/install/NAV2/share/NAV2/description/robot_core.xacro
[0.491s] -- Up-to-date symlink: /home/ubuntu/NAV2/src/install/NAV2/share/NAV2/description/ros2_control.xacro
[0.491s] -- Up-to-date symlink: /home/ubuntu/NAV2/src/install/NAV2/share/NAV2/launch/keyboard.launch.py
[0.491s] -- Up-to-date symlink: /home/ubuntu/NAV2/src/install/NAV2/share/NAV2/launch/launch_sim.launch.py
[0.491s] -- Up-to-date symlink: /home/ubuntu/NAV2/src/install/NAV2/share/NAV2/launch/rsp.launch.py
[0.492s] -- Up-to-date symlink: /home/ubuntu/NAV2/src/install/NAV2/share/NAV2/launch/rviz2.launch.py
[0.492s] -- Up-to-date symlink: /home/ubuntu/NAV2/src/install/NAV2/share/NAV2/launch/slam.launch.py
[0.492s] -- Up-to-date symlink: /home/ubuntu/NAV2/src/install/NAV2/share/NAV2/worlds/empty.world
[0.492s] -- Up-to-date symlink: /home/ubuntu/NAV2/src/install/NAV2/share/NAV2/worlds/obstacles.world
[0.492s] -- Symlinking: /home/ubuntu/NAV2/src/install/NAV2/share/NAV2/Node/Waypoint_publisher.py
[0.501s] -- Up-to-date symlink: /home/ubuntu/NAV2/src/install/NAV2/share/ament_index/resource_index/package_run_dependencies/NAV2
[0.501s] -- Up-to-date symlink: /home/ubuntu/NAV2/src/install/NAV2/share/ament_index/resource_index/parent_prefix_path/NAV2
[0.501s] -- Up-to-date symlink: /home/ubuntu/NAV2/src/install/NAV2/share/NAV2/environment/ament_prefix_path.sh
[0.501s] -- Up-to-date symlink: /home/ubuntu/NAV2/src/install/NAV2/share/NAV2/environment/ament_prefix_path.dsv
[0.501s] -- Up-to-date symlink: /home/ubuntu/NAV2/src/install/NAV2/share/NAV2/environment/path.sh
[0.502s] -- Up-to-date symlink: /home/ubuntu/NAV2/src/install/NAV2/share/NAV2/environment/path.dsv
[0.502s] -- Up-to-date symlink: /home/ubuntu/NAV2/src/install/NAV2/share/NAV2/local_setup.bash
[0.502s] -- Up-to-date symlink: /home/ubuntu/NAV2/src/install/NAV2/share/NAV2/local_setup.sh
[0.502s] -- Up-to-date symlink: /home/ubuntu/NAV2/src/install/NAV2/share/NAV2/local_setup.zsh
[0.503s] -- Up-to-date symlink: /home/ubuntu/NAV2/src/install/NAV2/share/NAV2/local_setup.dsv
[0.503s] -- Symlinking: /home/ubuntu/NAV2/src/install/NAV2/share/NAV2/package.dsv
[0.512s] -- Up-to-date symlink: /home/ubuntu/NAV2/src/install/NAV2/share/ament_index/resource_index/packages/NAV2
[0.512s] -- Up-to-date symlink: /home/ubuntu/NAV2/src/install/NAV2/share/NAV2/cmake/NAV2Config.cmake
[0.512s] -- Up-to-date symlink: /home/ubuntu/NAV2/src/install/NAV2/share/NAV2/cmake/NAV2Config-version.cmake
[0.512s] -- Up-to-date symlink: /home/ubuntu/NAV2/src/install/NAV2/share/NAV2/package.xml
[0.514s] Invoked command in '/home/ubuntu/NAV2/src/build/NAV2' returned '0': CMAKE_PREFIX_PATH=${CMAKE_PREFIX_PATH}:/opt/ros/jazzy /usr/bin/cmake --install /home/ubuntu/NAV2/src/build/NAV2
