[33mCMake Warning at CMakeLists.txt:16 (find_package):
  By not providing "FindREQUIRED.cmake" in CMAKE_MODULE_PATH this project has
  asked CMake to find a package configuration file provided by "REQUIRED",
  but CMake did not find one.

  Could not find a package configuration file provided by "REQUIRED" with any
  of the following names:

    REQUIREDConfig.cmake
    required-config.cmake

  Add the installation prefix of "REQUIRED" to CMAKE_PREFIX_PATH or set
  "REQUIRED_DIR" to a directory containing one of the above files.  If
  "REQUIRED" provides a separate development package or SDK, be sure it has
  been installed.

[0m
[01m[K/home/ubuntu/NAV2/src/vipnav/node/velocity_listener.cpp:4:10:[m[K [01;31m[Kfatal error: [m[Kgeometry_msgs/msg/twist.hpp: No such file or directory
    4 | #include [01;31m[K"geometry_msgs/msg/twist.hpp"[m[K
      |          [01;31m[K^~~~~~~~~~~~~~~~~~~~~~~~~~~~~[m[K
compilation terminated.
gmake[2]: *** [CMakeFiles/velocity_listener.dir/build.make:76: CMakeFiles/velocity_listener.dir/node/velocity_listener.cpp.o] Error 1
gmake[1]: *** [CMakeFiles/Makefile2:137: CMakeFiles/velocity_listener.dir/all] Error 2
gmake: *** [Makefile:146: all] Error 2
