[0.013s] Invoking command in '/home/ubuntu/NAV2/src/build/vipnav': CMAKE_PREFIX_PATH=${CMAKE_PREFIX_PATH}:/opt/ros/jazzy /usr/bin/cmake --build /home/ubuntu/NAV2/src/build/vipnav -- -j16 -l16
[0.036s] -- Found ament_cmake: 2.5.5 (/opt/ros/jazzy/share/ament_cmake/cmake)
[0.262s] -- Override CMake install command with custom implementation using symlinks instead of copying resources
[0.269s] -- Found ament_lint_auto: 0.17.4 (/opt/ros/jazzy/share/ament_lint_auto/cmake)
[0.360s] [33mCMake Warning at CMakeLists.txt:16 (find_package):
[0.360s]   By not providing "FindREQUIRED.cmake" in CMAKE_MODULE_PATH this project has
[0.360s]   asked CMake to find a package configuration file provided by "REQUIRED",
[0.360s]   but CMake did not find one.
[0.360s] 
[0.360s]   Could not find a package configuration file provided by "REQUIRED" with any
[0.361s]   of the following names:
[0.361s] 
[0.361s]     REQUIREDConfig.cmake
[0.361s]     required-config.cmake
[0.361s] 
[0.361s]   Add the installation prefix of "REQUIRED" to CMAKE_PREFIX_PATH or set
[0.361s]   "REQUIRED_DIR" to a directory containing one of the above files.  If
[0.361s]   "REQUIRED" provides a separate development package or SDK, be sure it has
[0.361s]   been installed.
[0.361s] 
[0.361s] [0m
[0.455s] -- Added test 'cppcheck' to perform static code analysis on C / C++ code
[0.455s] -- Configured cppcheck include dirs: 
[0.455s] -- Configured cppcheck exclude dirs and/or files: 
[0.456s] -- Added test 'flake8' to check Python code syntax and style conventions
[0.456s] -- Configured 'flake8' exclude dirs and/or files: 
[0.456s] -- Added test 'lint_cmake' to check CMake code style
[0.457s] -- Added test 'pep257' to check Python code against some of the docstring style conventions in PEP 257
[0.458s] -- Added test 'uncrustify' to check C / C++ code style
[0.458s] -- Configured uncrustify additional arguments: 
[0.458s] -- Added test 'xmllint' to check XML markup files
[0.459s] -- Configuring done (0.4s)
[0.467s] -- Generating done (0.0s)
[0.469s] -- Build files have been written to: /home/ubuntu/NAV2/src/build/vipnav
[0.523s] [ 50%] [32mBuilding CXX object CMakeFiles/velocity_listener.dir/node/velocity_listener.cpp.o[0m
[0.568s] [01m[K/home/ubuntu/NAV2/src/vipnav/node/velocity_listener.cpp:4:10:[m[K [01;31m[Kfatal error: [m[Kgeometry_msgs/msg/twist.hpp: No such file or directory
[0.568s]     4 | #include [01;31m[K"geometry_msgs/msg/twist.hpp"[m[K
[0.568s]       |          [01;31m[K^~~~~~~~~~~~~~~~~~~~~~~~~~~~~[m[K
[0.568s] compilation terminated.
[0.570s] gmake[2]: *** [CMakeFiles/velocity_listener.dir/build.make:76: CMakeFiles/velocity_listener.dir/node/velocity_listener.cpp.o] Error 1
[0.570s] gmake[1]: *** [CMakeFiles/Makefile2:137: CMakeFiles/velocity_listener.dir/all] Error 2
[0.571s] gmake: *** [Makefile:146: all] Error 2
[0.575s] Invoked command in '/home/ubuntu/NAV2/src/build/vipnav' returned '2': CMAKE_PREFIX_PATH=${CMAKE_PREFIX_PATH}:/opt/ros/jazzy /usr/bin/cmake --build /home/ubuntu/NAV2/src/build/vipnav -- -j16 -l16
