-- Install configuration: ""
-- Execute custom install script
-- Symlinking: /home/ubuntu/NAV2/src/install/NAV2/share/NAV2/config/gaz_ros2_ctl_use_sim.yaml
-- Symlinking: /home/ubuntu/NAV2/src/install/NAV2/share/NAV2/config/gz_bridge.yaml
-- Symlinking: /home/ubuntu/NAV2/src/install/NAV2/share/NAV2/config/mapper_params_online_async.yaml
-- Symlinking: /home/ubuntu/NAV2/src/install/NAV2/share/NAV2/config/my_controllers.yaml
-- Symlinking: /home/ubuntu/NAV2/src/install/NAV2/share/NAV2/config/twist_mux.yaml
-- Symlinking: /home/ubuntu/NAV2/src/install/NAV2/share/NAV2/description/face.xacro
-- Symlinking: /home/ubuntu/NAV2/src/install/NAV2/share/NAV2/description/gazebo_control.xacro
-- Symlinking: /home/ubuntu/NAV2/src/install/NAV2/share/NAV2/description/inertial_macros.xacro
-- Symlinking: /home/ubuntu/NAV2/src/install/NAV2/share/NAV2/description/lidar.xacro
-- Symlinking: /home/ubuntu/NAV2/src/install/NAV2/share/NAV2/description/robot.urdf.xacro
-- Symlinking: /home/ubuntu/NAV2/src/install/NAV2/share/NAV2/description/robot_core.xacro
-- Symlinking: /home/ubuntu/NAV2/src/install/NAV2/share/NAV2/description/ros2_control.xacro
-- Symlinking: /home/ubuntu/NAV2/src/install/NAV2/share/NAV2/launch/keyboard.launch.py
-- Symlinking: /home/ubuntu/NAV2/src/install/NAV2/share/NAV2/launch/launch_sim.launch.py
-- Symlinking: /home/ubuntu/NAV2/src/install/NAV2/share/NAV2/launch/rsp.launch.py
-- Symlinking: /home/ubuntu/NAV2/src/install/NAV2/share/NAV2/launch/rviz2.launch.py
-- Symlinking: /home/ubuntu/NAV2/src/install/NAV2/share/NAV2/launch/slam.launch.py
-- Symlinking: /home/ubuntu/NAV2/src/install/NAV2/share/NAV2/worlds/empty.world
-- Symlinking: /home/ubuntu/NAV2/src/install/NAV2/share/NAV2/worlds/obstacles.world
-- Symlinking: /home/ubuntu/NAV2/src/install/NAV2/share/NAV2/node/waypoint_publisher.py
-- Symlinking: /home/ubuntu/NAV2/src/install/NAV2/share/ament_index/resource_index/package_run_dependencies/NAV2
-- Symlinking: /home/ubuntu/NAV2/src/install/NAV2/share/ament_index/resource_index/parent_prefix_path/NAV2
-- Symlinking: /home/ubuntu/NAV2/src/install/NAV2/share/NAV2/environment/ament_prefix_path.sh
-- Symlinking: /home/ubuntu/NAV2/src/install/NAV2/share/NAV2/environment/ament_prefix_path.dsv
-- Symlinking: /home/ubuntu/NAV2/src/install/NAV2/share/NAV2/environment/path.sh
-- Symlinking: /home/ubuntu/NAV2/src/install/NAV2/share/NAV2/environment/path.dsv
-- Symlinking: /home/ubuntu/NAV2/src/install/NAV2/share/NAV2/local_setup.bash
-- Symlinking: /home/ubuntu/NAV2/src/install/NAV2/share/NAV2/local_setup.sh
-- Symlinking: /home/ubuntu/NAV2/src/install/NAV2/share/NAV2/local_setup.zsh
-- Symlinking: /home/ubuntu/NAV2/src/install/NAV2/share/NAV2/local_setup.dsv
-- Symlinking: /home/ubuntu/NAV2/src/install/NAV2/share/NAV2/package.dsv
-- Symlinking: /home/ubuntu/NAV2/src/install/NAV2/share/ament_index/resource_index/packages/NAV2
-- Symlinking: /home/ubuntu/NAV2/src/install/NAV2/share/NAV2/cmake/NAV2Config.cmake
-- Symlinking: /home/ubuntu/NAV2/src/install/NAV2/share/NAV2/cmake/NAV2Config-version.cmake
-- Symlinking: /home/ubuntu/NAV2/src/install/NAV2/share/NAV2/package.xml
