[0.486s] DEBUG:colcon:Command line arguments: ['/usr/bin/colcon', 'build', '--symlink-install']
[0.486s] DEBUG:colcon:Parsed command line arguments: Namespace(log_base=None, log_level=None, verb_name='build', build_base='build', install_base='install', merge_install=False, symlink_install=True, test_result_base=None, continue_on_error=False, executor='parallel', parallel_workers=20, event_handlers=None, ignore_user_meta=False, metas=['./colcon.meta'], base_paths=['.'], packages_ignore=None, packages_ignore_regex=None, paths=None, packages_up_to=None, packages_up_to_regex=None, packages_above=None, packages_above_and_dependencies=None, packages_above_depth=None, packages_select_by_dep=None, packages_skip_by_dep=None, packages_skip_up_to=None, packages_select_build_failed=False, packages_skip_build_finished=False, packages_select_test_failures=False, packages_skip_test_passed=False, packages_select=None, packages_skip=None, packages_select_regex=None, packages_skip_regex=None, packages_start=None, packages_end=None, allow_overriding=[], cmake_args=None, cmake_target=None, cmake_target_skip_unavailable=False, cmake_clean_cache=False, cmake_clean_first=False, cmake_force_configure=False, ament_cmake_args=None, catkin_cmake_args=None, catkin_skip_building_tests=False, mixin_files=None, mixin=None, verb_parser=<colcon_mixin.mixin.mixin_argument.MixinArgumentDecorator object at 0x7585ecceb2c0>, verb_extension=<colcon_core.verb.build.BuildVerb object at 0x7585ecdf04d0>, main=<bound method BuildVerb.main of <colcon_core.verb.build.BuildVerb object at 0x7585ecdf04d0>>, mixin_verb=('build',))
[0.624s] Level 1:colcon.colcon_core.package_discovery:discover_packages(colcon_meta) check parameters
[0.624s] Level 1:colcon.colcon_core.package_discovery:discover_packages(recursive) check parameters
[0.625s] Level 1:colcon.colcon_core.package_discovery:discover_packages(ignore) check parameters
[0.625s] Level 1:colcon.colcon_core.package_discovery:discover_packages(path) check parameters
[0.625s] Level 1:colcon.colcon_core.package_discovery:discover_packages(colcon_meta) discover
[0.625s] Level 1:colcon.colcon_core.package_discovery:discover_packages(recursive) discover
[0.625s] INFO:colcon.colcon_core.package_discovery:Crawling recursively for packages in '/home/ubuntu/NAV2/src'
[0.625s] Level 1:colcon.colcon_core.package_identification:_identify(.) by extensions ['ignore', 'ignore_ament_install']
[0.625s] Level 1:colcon.colcon_core.package_identification:_identify(.) by extension 'ignore'
[0.625s] Level 1:colcon.colcon_core.package_identification:_identify(.) by extension 'ignore_ament_install'
[0.625s] Level 1:colcon.colcon_core.package_identification:_identify(.) by extensions ['colcon_pkg']
[0.625s] Level 1:colcon.colcon_core.package_identification:_identify(.) by extension 'colcon_pkg'
[0.625s] Level 1:colcon.colcon_core.package_identification:_identify(.) by extensions ['colcon_meta']
[0.625s] Level 1:colcon.colcon_core.package_identification:_identify(.) by extension 'colcon_meta'
[0.625s] Level 1:colcon.colcon_core.package_identification:_identify(.) by extensions ['ros']
[0.625s] Level 1:colcon.colcon_core.package_identification:_identify(.) by extension 'ros'
[0.678s] Level 1:colcon.colcon_core.package_identification:_identify(.) by extensions ['cmake', 'python']
[0.679s] Level 1:colcon.colcon_core.package_identification:_identify(.) by extension 'cmake'
[0.680s] Level 1:colcon.colcon_core.package_identification:_identify(.) by extension 'python'
[0.680s] Level 1:colcon.colcon_core.package_identification:_identify(.) by extensions ['python_setup_py']
[0.680s] Level 1:colcon.colcon_core.package_identification:_identify(.) by extension 'python_setup_py'
[0.680s] Level 1:colcon.colcon_core.package_identification:_identify(build) by extensions ['ignore', 'ignore_ament_install']
[0.681s] Level 1:colcon.colcon_core.package_identification:_identify(build) by extension 'ignore'
[0.681s] Level 1:colcon.colcon_core.package_identification:_identify(build) ignored
[0.681s] Level 1:colcon.colcon_core.package_identification:_identify(install) by extensions ['ignore', 'ignore_ament_install']
[0.681s] Level 1:colcon.colcon_core.package_identification:_identify(install) by extension 'ignore'
[0.681s] Level 1:colcon.colcon_core.package_identification:_identify(install) ignored
[0.682s] Level 1:colcon.colcon_core.package_identification:_identify(log) by extensions ['ignore', 'ignore_ament_install']
[0.682s] Level 1:colcon.colcon_core.package_identification:_identify(log) by extension 'ignore'
[0.682s] Level 1:colcon.colcon_core.package_identification:_identify(log) ignored
[0.682s] Level 1:colcon.colcon_core.package_identification:_identify(vipnav) by extensions ['ignore', 'ignore_ament_install']
[0.682s] Level 1:colcon.colcon_core.package_identification:_identify(vipnav) by extension 'ignore'
[0.682s] Level 1:colcon.colcon_core.package_identification:_identify(vipnav) by extension 'ignore_ament_install'
[0.682s] Level 1:colcon.colcon_core.package_identification:_identify(vipnav) by extensions ['colcon_pkg']
[0.682s] Level 1:colcon.colcon_core.package_identification:_identify(vipnav) by extension 'colcon_pkg'
[0.682s] Level 1:colcon.colcon_core.package_identification:_identify(vipnav) by extensions ['colcon_meta']
[0.682s] Level 1:colcon.colcon_core.package_identification:_identify(vipnav) by extension 'colcon_meta'
[0.682s] Level 1:colcon.colcon_core.package_identification:_identify(vipnav) by extensions ['ros']
[0.682s] Level 1:colcon.colcon_core.package_identification:_identify(vipnav) by extension 'ros'
[0.689s] DEBUG:colcon.colcon_core.package_identification:Package 'vipnav' with type 'ros.ament_cmake' and name 'vipnav'
[0.689s] Level 1:colcon.colcon_core.package_discovery:discover_packages(recursive) using defaults
[0.689s] Level 1:colcon.colcon_core.package_discovery:discover_packages(ignore) discover
[0.689s] Level 1:colcon.colcon_core.package_discovery:discover_packages(ignore) using defaults
[0.689s] Level 1:colcon.colcon_core.package_discovery:discover_packages(path) discover
[0.689s] Level 1:colcon.colcon_core.package_discovery:discover_packages(path) using defaults
[0.727s] Level 1:colcon.colcon_core.package_discovery:discover_packages(prefix_path) check parameters
[0.727s] Level 1:colcon.colcon_core.package_discovery:discover_packages(prefix_path) discover
[0.738s] DEBUG:colcon.colcon_installed_package_information.package_discovery:Found 390 installed packages in /opt/ros/jazzy
[0.741s] Level 1:colcon.colcon_core.package_discovery:discover_packages(prefix_path) using defaults
[0.811s] Level 5:colcon.colcon_core.verb:set package 'vipnav' build argument 'cmake_args' from command line to 'None'
[0.811s] Level 5:colcon.colcon_core.verb:set package 'vipnav' build argument 'cmake_target' from command line to 'None'
[0.811s] Level 5:colcon.colcon_core.verb:set package 'vipnav' build argument 'cmake_target_skip_unavailable' from command line to 'False'
[0.811s] Level 5:colcon.colcon_core.verb:set package 'vipnav' build argument 'cmake_clean_cache' from command line to 'False'
[0.811s] Level 5:colcon.colcon_core.verb:set package 'vipnav' build argument 'cmake_clean_first' from command line to 'False'
[0.811s] Level 5:colcon.colcon_core.verb:set package 'vipnav' build argument 'cmake_force_configure' from command line to 'False'
[0.811s] Level 5:colcon.colcon_core.verb:set package 'vipnav' build argument 'ament_cmake_args' from command line to 'None'
[0.811s] Level 5:colcon.colcon_core.verb:set package 'vipnav' build argument 'catkin_cmake_args' from command line to 'None'
[0.811s] Level 5:colcon.colcon_core.verb:set package 'vipnav' build argument 'catkin_skip_building_tests' from command line to 'False'
[0.811s] DEBUG:colcon.colcon_core.verb:Building package 'vipnav' with the following arguments: {'ament_cmake_args': None, 'build_base': '/home/ubuntu/NAV2/src/build/vipnav', 'catkin_cmake_args': None, 'catkin_skip_building_tests': False, 'cmake_args': None, 'cmake_clean_cache': False, 'cmake_clean_first': False, 'cmake_force_configure': False, 'cmake_target': None, 'cmake_target_skip_unavailable': False, 'install_base': '/home/ubuntu/NAV2/src/install/vipnav', 'merge_install': False, 'path': '/home/ubuntu/NAV2/src/vipnav', 'symlink_install': True, 'test_result_base': None}
[0.811s] INFO:colcon.colcon_core.executor:Executing jobs using 'parallel' executor
[0.814s] DEBUG:colcon.colcon_parallel_executor.executor.parallel:run_until_complete
[0.814s] INFO:colcon.colcon_ros.task.ament_cmake.build:Building ROS package in '/home/ubuntu/NAV2/src/vipnav' with build type 'ament_cmake'
[0.815s] INFO:colcon.colcon_cmake.task.cmake.build:Building CMake package in '/home/ubuntu/NAV2/src/vipnav'
[0.827s] INFO:colcon.colcon_core.plugin_system:Skipping extension 'colcon_core.shell.bat': Not used on non-Windows systems
[0.827s] INFO:colcon.colcon_core.shell:Skip shell extension 'powershell' for command environment: Not usable outside of PowerShell
[0.827s] DEBUG:colcon.colcon_core.shell:Skip shell extension 'dsv' for command environment
[0.901s] DEBUG:colcon.colcon_core.event_handler.log_command:Invoking command in '/home/ubuntu/NAV2/src/build/vipnav': CMAKE_PREFIX_PATH=${CMAKE_PREFIX_PATH}:/opt/ros/jazzy /usr/bin/cmake --build /home/ubuntu/NAV2/src/build/vipnav -- -j20 -l20
[3.216s] DEBUG:colcon.colcon_core.event_handler.log_command:Invoked command in '/home/ubuntu/NAV2/src/build/vipnav' returned '0': CMAKE_PREFIX_PATH=${CMAKE_PREFIX_PATH}:/opt/ros/jazzy /usr/bin/cmake --build /home/ubuntu/NAV2/src/build/vipnav -- -j20 -l20
[3.378s] DEBUG:colcon.colcon_core.event_handler.log_command:Invoking command in '/home/ubuntu/NAV2/src/build/vipnav': CMAKE_PREFIX_PATH=${CMAKE_PREFIX_PATH}:/opt/ros/jazzy /usr/bin/cmake --install /home/ubuntu/NAV2/src/build/vipnav
[3.692s] Level 1:colcon.colcon_core.environment:create_environment_scripts_only(vipnav)
[3.693s] DEBUG:colcon.colcon_core.event_handler.log_command:Invoked command in '/home/ubuntu/NAV2/src/build/vipnav' returned '0': CMAKE_PREFIX_PATH=${CMAKE_PREFIX_PATH}:/opt/ros/jazzy /usr/bin/cmake --install /home/ubuntu/NAV2/src/build/vipnav
[3.704s] Level 1:colcon.colcon_core.environment:checking '/home/ubuntu/NAV2/src/install/vipnav' for CMake module files
[3.705s] Level 1:colcon.colcon_core.environment:checking '/home/ubuntu/NAV2/src/install/vipnav' for CMake config files
[3.706s] Level 1:colcon.colcon_core.shell:create_environment_hook('vipnav', 'cmake_prefix_path')
[3.706s] INFO:colcon.colcon_core.shell:Creating environment hook '/home/ubuntu/NAV2/src/install/vipnav/share/vipnav/hook/cmake_prefix_path.ps1'
[3.707s] INFO:colcon.colcon_core.shell:Creating environment descriptor '/home/ubuntu/NAV2/src/install/vipnav/share/vipnav/hook/cmake_prefix_path.dsv'
[3.708s] INFO:colcon.colcon_core.shell:Creating environment hook '/home/ubuntu/NAV2/src/install/vipnav/share/vipnav/hook/cmake_prefix_path.sh'
[3.710s] Level 1:colcon.colcon_core.environment:checking '/home/ubuntu/NAV2/src/install/vipnav/lib'
[3.710s] Level 1:colcon.colcon_core.environment:checking '/home/ubuntu/NAV2/src/install/vipnav/bin'
[3.710s] Level 1:colcon.colcon_core.environment:checking '/home/ubuntu/NAV2/src/install/vipnav/lib/pkgconfig/vipnav.pc'
[3.711s] Level 1:colcon.colcon_core.environment:checking '/home/ubuntu/NAV2/src/install/vipnav/lib/python3.12/site-packages'
[3.711s] Level 1:colcon.colcon_core.environment:checking '/home/ubuntu/NAV2/src/install/vipnav/bin'
[3.712s] INFO:colcon.colcon_core.shell:Creating package script '/home/ubuntu/NAV2/src/install/vipnav/share/vipnav/package.ps1'
[3.713s] INFO:colcon.colcon_core.shell:Creating package descriptor '/home/ubuntu/NAV2/src/install/vipnav/share/vipnav/package.dsv'
[3.715s] INFO:colcon.colcon_core.shell:Creating package script '/home/ubuntu/NAV2/src/install/vipnav/share/vipnav/package.sh'
[3.716s] INFO:colcon.colcon_core.shell:Creating package script '/home/ubuntu/NAV2/src/install/vipnav/share/vipnav/package.bash'
[3.718s] INFO:colcon.colcon_core.shell:Creating package script '/home/ubuntu/NAV2/src/install/vipnav/share/vipnav/package.zsh'
[3.719s] Level 1:colcon.colcon_core.environment:create_file_with_runtime_dependencies(/home/ubuntu/NAV2/src/install/vipnav/share/colcon-core/packages/vipnav)
[3.720s] Level 1:colcon.colcon_core.environment:create_environment_scripts_only(vipnav)
[3.720s] Level 1:colcon.colcon_core.environment:checking '/home/ubuntu/NAV2/src/install/vipnav' for CMake module files
[3.720s] Level 1:colcon.colcon_core.environment:checking '/home/ubuntu/NAV2/src/install/vipnav' for CMake config files
[3.721s] Level 1:colcon.colcon_core.shell:create_environment_hook('vipnav', 'cmake_prefix_path')
[3.721s] INFO:colcon.colcon_core.shell:Creating environment hook '/home/ubuntu/NAV2/src/install/vipnav/share/vipnav/hook/cmake_prefix_path.ps1'
[3.722s] INFO:colcon.colcon_core.shell:Creating environment descriptor '/home/ubuntu/NAV2/src/install/vipnav/share/vipnav/hook/cmake_prefix_path.dsv'
[3.722s] INFO:colcon.colcon_core.shell:Creating environment hook '/home/ubuntu/NAV2/src/install/vipnav/share/vipnav/hook/cmake_prefix_path.sh'
[3.723s] Level 1:colcon.colcon_core.environment:checking '/home/ubuntu/NAV2/src/install/vipnav/lib'
[3.723s] Level 1:colcon.colcon_core.environment:checking '/home/ubuntu/NAV2/src/install/vipnav/bin'
[3.723s] Level 1:colcon.colcon_core.environment:checking '/home/ubuntu/NAV2/src/install/vipnav/lib/pkgconfig/vipnav.pc'
[3.723s] Level 1:colcon.colcon_core.environment:checking '/home/ubuntu/NAV2/src/install/vipnav/lib/python3.12/site-packages'
[3.724s] Level 1:colcon.colcon_core.environment:checking '/home/ubuntu/NAV2/src/install/vipnav/bin'
[3.724s] INFO:colcon.colcon_core.shell:Creating package script '/home/ubuntu/NAV2/src/install/vipnav/share/vipnav/package.ps1'
[3.725s] INFO:colcon.colcon_core.shell:Creating package descriptor '/home/ubuntu/NAV2/src/install/vipnav/share/vipnav/package.dsv'
[3.726s] INFO:colcon.colcon_core.shell:Creating package script '/home/ubuntu/NAV2/src/install/vipnav/share/vipnav/package.sh'
[3.726s] INFO:colcon.colcon_core.shell:Creating package script '/home/ubuntu/NAV2/src/install/vipnav/share/vipnav/package.bash'
[3.727s] INFO:colcon.colcon_core.shell:Creating package script '/home/ubuntu/NAV2/src/install/vipnav/share/vipnav/package.zsh'
[3.728s] Level 1:colcon.colcon_core.environment:create_file_with_runtime_dependencies(/home/ubuntu/NAV2/src/install/vipnav/share/colcon-core/packages/vipnav)
[3.730s] DEBUG:colcon.colcon_parallel_executor.executor.parallel:closing loop
[3.731s] DEBUG:colcon.colcon_parallel_executor.executor.parallel:loop closed
[3.731s] DEBUG:colcon.colcon_parallel_executor.executor.parallel:run_until_complete finished with '0'
[3.732s] DEBUG:colcon.colcon_core.event_reactor:joining thread
[3.769s] INFO:colcon.colcon_core.plugin_system:Skipping extension 'colcon_notification.desktop_notification.terminal_notifier': Not used on non-Darwin systems
[3.769s] INFO:colcon.colcon_core.plugin_system:Skipping extension 'colcon_notification.desktop_notification.win32': Not used on non-Windows systems
[3.770s] INFO:colcon.colcon_notification.desktop_notification:Sending desktop notification using 'notify2'
[4.074s] DEBUG:colcon.colcon_core.event_reactor:joined thread
[4.074s] INFO:colcon.colcon_core.shell:Creating prefix script '/home/ubuntu/NAV2/src/install/local_setup.ps1'
[4.076s] INFO:colcon.colcon_core.shell:Creating prefix util module '/home/ubuntu/NAV2/src/install/_local_setup_util_ps1.py'
[4.078s] INFO:colcon.colcon_core.shell:Creating prefix chain script '/home/ubuntu/NAV2/src/install/setup.ps1'
[4.080s] INFO:colcon.colcon_core.shell:Creating prefix script '/home/ubuntu/NAV2/src/install/local_setup.sh'
[4.081s] INFO:colcon.colcon_core.shell:Creating prefix util module '/home/ubuntu/NAV2/src/install/_local_setup_util_sh.py'
[4.082s] INFO:colcon.colcon_core.shell:Creating prefix chain script '/home/ubuntu/NAV2/src/install/setup.sh'
[4.084s] INFO:colcon.colcon_core.shell:Creating prefix script '/home/ubuntu/NAV2/src/install/local_setup.bash'
[4.085s] INFO:colcon.colcon_core.shell:Creating prefix chain script '/home/ubuntu/NAV2/src/install/setup.bash'
[4.087s] INFO:colcon.colcon_core.shell:Creating prefix script '/home/ubuntu/NAV2/src/install/local_setup.zsh'
[4.088s] INFO:colcon.colcon_core.shell:Creating prefix chain script '/home/ubuntu/NAV2/src/install/setup.zsh'
