[0.014s] Invoking command in '/home/ubuntu/NAV2/src/build/vipnav': CMAKE_PREFIX_PATH=${CMAKE_PREFIX_PATH}:/opt/ros/jazzy /usr/bin/cmake --build /home/ubuntu/NAV2/src/build/vipnav -- -j16 -l16
[0.033s] -- Found ament_cmake: 2.5.5 (/opt/ros/jazzy/share/ament_cmake/cmake)
[0.269s] -- Override CMake install command with custom implementation using symlinks instead of copying resources
[0.276s] -- Found ament_lint_auto: 0.17.4 (/opt/ros/jazzy/share/ament_lint_auto/cmake)
[0.370s] -- Added test 'cppcheck' to perform static code analysis on C / C++ code
[0.370s] -- Configured cppcheck include dirs: 
[0.370s] -- Configured cppcheck exclude dirs and/or files: 
[0.370s] -- Added test 'flake8' to check Python code syntax and style conventions
[0.370s] -- Configured 'flake8' exclude dirs and/or files: 
[0.371s] -- Added test 'lint_cmake' to check CMake code style
[0.371s] -- Added test 'pep257' to check Python code against some of the docstring style conventions in PEP 257
[0.372s] -- Added test 'uncrustify' to check C / C++ code style
[0.372s] -- Configured uncrustify additional arguments: 
[0.373s] -- Added test 'xmllint' to check XML markup files
[0.374s] -- Configuring done (0.3s)
[0.395s] -- Generating done (0.0s)
[0.397s] -- Build files have been written to: /home/ubuntu/NAV2/src/build/vipnav
[0.429s] [ 50%] [32mBuilding CXX object CMakeFiles/velocity_listener.dir/node/velocity_listener.cpp.o[0m
[0.577s] [01m[K/home/ubuntu/NAV2/src/vipnav/node/velocity_listener.cpp:4:10:[m[K [01;31m[Kfatal error: [m[Kgeometry_msgs/msg/Twist: No such file or directory
[0.577s]     4 | #include [01;31m[K"geometry_msgs/msg/Twist"[m[K
[0.577s]       |          [01;31m[K^~~~~~~~~~~~~~~~~~~~~~~~~[m[K
[0.578s] compilation terminated.
[0.580s] gmake[2]: *** [CMakeFiles/velocity_listener.dir/build.make:76: CMakeFiles/velocity_listener.dir/node/velocity_listener.cpp.o] Error 1
[0.580s] gmake[1]: *** [CMakeFiles/Makefile2:137: CMakeFiles/velocity_listener.dir/all] Error 2
[0.580s] gmake: *** [Makefile:146: all] Error 2
[0.583s] Invoked command in '/home/ubuntu/NAV2/src/build/vipnav' returned '2': CMAKE_PREFIX_PATH=${CMAKE_PREFIX_PATH}:/opt/ros/jazzy /usr/bin/cmake --build /home/ubuntu/NAV2/src/build/vipnav -- -j16 -l16
