[0.075s] Invoking command in '/home/ubuntu/NAV2/src/build/vipnav': CMAKE_PREFIX_PATH=${CMAKE_PREFIX_PATH}:/opt/ros/jazzy /usr/bin/cmake --build /home/ubuntu/NAV2/src/build/vipnav -- -j20 -l20
[1.407s] [ 50%] [32mBuilding CXX object CMakeFiles/velocity_listener.dir/node/velocity_listener.cpp.o[0m
[14.356s] [100%] [32m[1mLinking CXX executable velocity_listener[0m
[15.454s] [100%] Built target velocity_listener
[15.672s] Invoked command in '/home/ubuntu/NAV2/src/build/vipnav' returned '0': CMAKE_PREFIX_PATH=${CMAKE_PREFIX_PATH}:/opt/ros/jazzy /usr/bin/cmake --build /home/ubuntu/NAV2/src/build/vipnav -- -j20 -l20
[15.899s] Invoking command in '/home/ubuntu/NAV2/src/build/vipnav': CMAKE_PREFIX_PATH=${CMAKE_PREFIX_PATH}:/opt/ros/jazzy /usr/bin/cmake --install /home/ubuntu/NAV2/src/build/vipnav
[16.134s] -- Install configuration: ""
[16.136s] -- Execute custom install script
[16.137s] -- Up-to-date symlink: /home/ubuntu/NAV2/src/install/vipnav/share/vipnav/config/gaz_ros2_ctl_use_sim.yaml
[16.137s] -- Up-to-date symlink: /home/ubuntu/NAV2/src/install/vipnav/share/vipnav/config/gz_bridge.yaml
[16.137s] -- Up-to-date symlink: /home/ubuntu/NAV2/src/install/vipnav/share/vipnav/config/mapper_params_online_async.yaml
[16.138s] -- Up-to-date symlink: /home/ubuntu/NAV2/src/install/vipnav/share/vipnav/config/my_controllers.yaml
[16.138s] -- Up-to-date symlink: /home/ubuntu/NAV2/src/install/vipnav/share/vipnav/config/nav2_params.yaml
[16.138s] -- Up-to-date symlink: /home/ubuntu/NAV2/src/install/vipnav/share/vipnav/config/twist_mux.yaml
[16.138s] -- Up-to-date symlink: /home/ubuntu/NAV2/src/install/vipnav/share/vipnav/description/face.xacro
[16.139s] -- Up-to-date symlink: /home/ubuntu/NAV2/src/install/vipnav/share/vipnav/description/gazebo_control.xacro
[16.139s] -- Up-to-date symlink: /home/ubuntu/NAV2/src/install/vipnav/share/vipnav/description/inertial_macros.xacro
[16.139s] -- Up-to-date symlink: /home/ubuntu/NAV2/src/install/vipnav/share/vipnav/description/lidar.xacro
[16.140s] -- Up-to-date symlink: /home/ubuntu/NAV2/src/install/vipnav/share/vipnav/description/robot.urdf.xacro
[16.140s] -- Up-to-date symlink: /home/ubuntu/NAV2/src/install/vipnav/share/vipnav/description/robot_core.xacro
[16.140s] -- Up-to-date symlink: /home/ubuntu/NAV2/src/install/vipnav/share/vipnav/description/ros2_control.xacro
[16.140s] -- Up-to-date symlink: /home/ubuntu/NAV2/src/install/vipnav/share/vipnav/launch/keyboard.launch.py
[16.140s] -- Up-to-date symlink: /home/ubuntu/NAV2/src/install/vipnav/share/vipnav/launch/launch_sim.launch.py
[16.140s] -- Up-to-date symlink: /home/ubuntu/NAV2/src/install/vipnav/share/vipnav/launch/navigation_launch.py
[16.140s] -- Up-to-date symlink: /home/ubuntu/NAV2/src/install/vipnav/share/vipnav/launch/rsp.launch.py
[16.140s] -- Up-to-date symlink: /home/ubuntu/NAV2/src/install/vipnav/share/vipnav/launch/rviz2.launch.py
[16.141s] -- Up-to-date symlink: /home/ubuntu/NAV2/src/install/vipnav/share/vipnav/launch/slam.launch.py
[16.141s] -- Up-to-date symlink: /home/ubuntu/NAV2/src/install/vipnav/share/vipnav/worlds/empty.world
[16.141s] -- Up-to-date symlink: /home/ubuntu/NAV2/src/install/vipnav/share/vipnav/worlds/obstacles.world
[16.141s] -- Up-to-date symlink: /home/ubuntu/NAV2/src/install/vipnav/share/vipnav/node/velocity_listener.cpp
[16.141s] -- Up-to-date symlink: /home/ubuntu/NAV2/src/install/vipnav/share/vipnav/node/waypoint_publisher.py
[16.142s] -- Up-to-date symlink: /home/ubuntu/NAV2/src/install/vipnav/lib/vipnav/waypoint_publisher.py
[16.142s] -- Up-to-date symlink: /home/ubuntu/NAV2/src/install/vipnav/lib/vipnav/velocity_listener
[16.142s] -- Up-to-date symlink: /home/ubuntu/NAV2/src/install/vipnav/share/ament_index/resource_index/package_run_dependencies/vipnav
[16.142s] -- Up-to-date symlink: /home/ubuntu/NAV2/src/install/vipnav/share/ament_index/resource_index/parent_prefix_path/vipnav
[16.142s] -- Up-to-date symlink: /home/ubuntu/NAV2/src/install/vipnav/share/vipnav/environment/ament_prefix_path.sh
[16.142s] -- Up-to-date symlink: /home/ubuntu/NAV2/src/install/vipnav/share/vipnav/environment/ament_prefix_path.dsv
[16.143s] -- Up-to-date symlink: /home/ubuntu/NAV2/src/install/vipnav/share/vipnav/environment/path.sh
[16.143s] -- Up-to-date symlink: /home/ubuntu/NAV2/src/install/vipnav/share/vipnav/environment/path.dsv
[16.143s] -- Up-to-date symlink: /home/ubuntu/NAV2/src/install/vipnav/share/vipnav/local_setup.bash
[16.143s] -- Up-to-date symlink: /home/ubuntu/NAV2/src/install/vipnav/share/vipnav/local_setup.sh
[16.144s] -- Up-to-date symlink: /home/ubuntu/NAV2/src/install/vipnav/share/vipnav/local_setup.zsh
[16.144s] -- Up-to-date symlink: /home/ubuntu/NAV2/src/install/vipnav/share/vipnav/local_setup.dsv
[16.144s] -- Symlinking: /home/ubuntu/NAV2/src/install/vipnav/share/vipnav/package.dsv
[16.391s] -- Up-to-date symlink: /home/ubuntu/NAV2/src/install/vipnav/share/ament_index/resource_index/packages/vipnav
[16.391s] -- Up-to-date symlink: /home/ubuntu/NAV2/src/install/vipnav/share/vipnav/cmake/vipnavConfig.cmake
[16.391s] -- Up-to-date symlink: /home/ubuntu/NAV2/src/install/vipnav/share/vipnav/cmake/vipnavConfig-version.cmake
[16.392s] -- Up-to-date symlink: /home/ubuntu/NAV2/src/install/vipnav/share/vipnav/package.xml
[16.396s] Invoked command in '/home/ubuntu/NAV2/src/build/vipnav' returned '0': CMAKE_PREFIX_PATH=${CMAKE_PREFIX_PATH}:/opt/ros/jazzy /usr/bin/cmake --install /home/ubuntu/NAV2/src/build/vipnav
