[0.015s] Invoking command in '/home/ubuntu/NAV2/src/build/vipnav': CMAKE_PREFIX_PATH=${CMAKE_PREFIX_PATH}:/opt/ros/jazzy /usr/bin/cmake --build /home/ubuntu/NAV2/src/build/vipnav -- -j16 -l16
[0.116s] [ 50%] [32mBuilding CXX object CMakeFiles/velocity_listener.dir/node/velocity_listener.cpp.o[0m
[12.276s] [100%] [32m[1mLinking CXX executable velocity_listener[0m
[12.585s] [100%] Built target velocity_listener
[12.596s] Invoked command in '/home/ubuntu/NAV2/src/build/vipnav' returned '0': CMAKE_PREFIX_PATH=${CMAKE_PREFIX_PATH}:/opt/ros/jazzy /usr/bin/cmake --build /home/ubuntu/NAV2/src/build/vipnav -- -j16 -l16
[12.608s] Invoking command in '/home/ubuntu/NAV2/src/build/vipnav': CMAKE_PREFIX_PATH=${CMAKE_PREFIX_PATH}:/opt/ros/jazzy /usr/bin/cmake --install /home/ubuntu/NAV2/src/build/vipnav
[12.616s] -- Install configuration: ""
[12.616s] -- Execute custom install script
[12.616s] -- Up-to-date symlink: /home/ubuntu/NAV2/src/install/vipnav/share/vipnav/config/gaz_ros2_ctl_use_sim.yaml
[12.617s] -- Up-to-date symlink: /home/ubuntu/NAV2/src/install/vipnav/share/vipnav/config/gz_bridge.yaml
[12.617s] -- Up-to-date symlink: /home/ubuntu/NAV2/src/install/vipnav/share/vipnav/config/mapper_params_online_async.yaml
[12.617s] -- Up-to-date symlink: /home/ubuntu/NAV2/src/install/vipnav/share/vipnav/config/my_controllers.yaml
[12.617s] -- Up-to-date symlink: /home/ubuntu/NAV2/src/install/vipnav/share/vipnav/config/nav2_params.yaml
[12.617s] -- Up-to-date symlink: /home/ubuntu/NAV2/src/install/vipnav/share/vipnav/config/twist_mux.yaml
[12.617s] -- Up-to-date symlink: /home/ubuntu/NAV2/src/install/vipnav/share/vipnav/description/face.xacro
[12.618s] -- Up-to-date symlink: /home/ubuntu/NAV2/src/install/vipnav/share/vipnav/description/gazebo_control.xacro
[12.618s] -- Up-to-date symlink: /home/ubuntu/NAV2/src/install/vipnav/share/vipnav/description/inertial_macros.xacro
[12.618s] -- Up-to-date symlink: /home/ubuntu/NAV2/src/install/vipnav/share/vipnav/description/lidar.xacro
[12.618s] -- Up-to-date symlink: /home/ubuntu/NAV2/src/install/vipnav/share/vipnav/description/robot.urdf.xacro
[12.618s] -- Up-to-date symlink: /home/ubuntu/NAV2/src/install/vipnav/share/vipnav/description/robot_core.xacro
[12.619s] -- Up-to-date symlink: /home/ubuntu/NAV2/src/install/vipnav/share/vipnav/description/ros2_control.xacro
[12.619s] -- Up-to-date symlink: /home/ubuntu/NAV2/src/install/vipnav/share/vipnav/launch/keyboard.launch.py
[12.619s] -- Up-to-date symlink: /home/ubuntu/NAV2/src/install/vipnav/share/vipnav/launch/launch_sim.launch.py
[12.619s] -- Up-to-date symlink: /home/ubuntu/NAV2/src/install/vipnav/share/vipnav/launch/navigation_launch.py
[12.619s] -- Up-to-date symlink: /home/ubuntu/NAV2/src/install/vipnav/share/vipnav/launch/rsp.launch.py
[12.619s] -- Up-to-date symlink: /home/ubuntu/NAV2/src/install/vipnav/share/vipnav/launch/rviz2.launch.py
[12.620s] -- Up-to-date symlink: /home/ubuntu/NAV2/src/install/vipnav/share/vipnav/launch/slam.launch.py
[12.620s] -- Up-to-date symlink: /home/ubuntu/NAV2/src/install/vipnav/share/vipnav/worlds/empty.world
[12.620s] -- Up-to-date symlink: /home/ubuntu/NAV2/src/install/vipnav/share/vipnav/worlds/obstacles.world
[12.620s] -- Up-to-date symlink: /home/ubuntu/NAV2/src/install/vipnav/share/vipnav/node/velocity_listener.cpp
[12.620s] -- Up-to-date symlink: /home/ubuntu/NAV2/src/install/vipnav/share/vipnav/node/waypoint_publisher.py
[12.621s] -- Up-to-date symlink: /home/ubuntu/NAV2/src/install/vipnav/lib/vipnav/waypoint_publisher.py
[12.621s] -- Up-to-date symlink: /home/ubuntu/NAV2/src/install/vipnav/lib/vipnav/velocity_listener
[12.621s] -- Up-to-date symlink: /home/ubuntu/NAV2/src/install/vipnav/share/ament_index/resource_index/package_run_dependencies/vipnav
[12.621s] -- Up-to-date symlink: /home/ubuntu/NAV2/src/install/vipnav/share/ament_index/resource_index/parent_prefix_path/vipnav
[12.621s] -- Up-to-date symlink: /home/ubuntu/NAV2/src/install/vipnav/share/vipnav/environment/ament_prefix_path.sh
[12.621s] -- Up-to-date symlink: /home/ubuntu/NAV2/src/install/vipnav/share/vipnav/environment/ament_prefix_path.dsv
[12.622s] -- Up-to-date symlink: /home/ubuntu/NAV2/src/install/vipnav/share/vipnav/environment/path.sh
[12.622s] -- Up-to-date symlink: /home/ubuntu/NAV2/src/install/vipnav/share/vipnav/environment/path.dsv
[12.622s] -- Up-to-date symlink: /home/ubuntu/NAV2/src/install/vipnav/share/vipnav/local_setup.bash
[12.622s] -- Up-to-date symlink: /home/ubuntu/NAV2/src/install/vipnav/share/vipnav/local_setup.sh
[12.622s] -- Up-to-date symlink: /home/ubuntu/NAV2/src/install/vipnav/share/vipnav/local_setup.zsh
[12.622s] -- Up-to-date symlink: /home/ubuntu/NAV2/src/install/vipnav/share/vipnav/local_setup.dsv
[12.622s] -- Symlinking: /home/ubuntu/NAV2/src/install/vipnav/share/vipnav/package.dsv
[12.632s] -- Up-to-date symlink: /home/ubuntu/NAV2/src/install/vipnav/share/ament_index/resource_index/packages/vipnav
[12.632s] -- Up-to-date symlink: /home/ubuntu/NAV2/src/install/vipnav/share/vipnav/cmake/vipnavConfig.cmake
[12.632s] -- Up-to-date symlink: /home/ubuntu/NAV2/src/install/vipnav/share/vipnav/cmake/vipnavConfig-version.cmake
[12.632s] -- Up-to-date symlink: /home/ubuntu/NAV2/src/install/vipnav/share/vipnav/package.xml
[12.634s] Invoked command in '/home/ubuntu/NAV2/src/build/vipnav' returned '0': CMAKE_PREFIX_PATH=${CMAKE_PREFIX_PATH}:/opt/ros/jazzy /usr/bin/cmake --install /home/ubuntu/NAV2/src/build/vipnav
