[0.014s] Invoking command in '/home/ubuntu/NAV2/src/build/vipnav': CMAKE_PREFIX_PATH=${CMAKE_PREFIX_PATH}:/opt/ros/jazzy /usr/bin/cmake --build /home/ubuntu/NAV2/src/build/vipnav -- -j16 -l16
[0.040s] -- Found ament_cmake: 2.5.5 (/opt/ros/jazzy/share/ament_cmake/cmake)
[0.268s] -- Override CMake install command with custom implementation using symlinks instead of copying resources
[0.274s] -- Found ament_lint_auto: 0.17.4 (/opt/ros/jazzy/share/ament_lint_auto/cmake)
[0.275s] -- Found geometry_msgs: 5.3.6 (/opt/ros/jazzy/share/geometry_msgs/cmake)
[0.306s] -- Found rosidl_generator_c: 4.6.7 (/opt/ros/jazzy/share/rosidl_generator_c/cmake)
[0.314s] -- Found rosidl_generator_cpp: 4.6.7 (/opt/ros/jazzy/share/rosidl_generator_cpp/cmake)
[0.325s] -- Using all available rosidl_typesupport_c: rosidl_typesupport_fastrtps_c;rosidl_typesupport_introspection_c
[0.338s] -- Using all available rosidl_typesupport_cpp: rosidl_typesupport_fastrtps_cpp;rosidl_typesupport_introspection_cpp
[0.465s] -- Added test 'cppcheck' to perform static code analysis on C / C++ code
[0.465s] -- Configured cppcheck include dirs: 
[0.465s] -- Configured cppcheck exclude dirs and/or files: 
[0.465s] -- Added test 'flake8' to check Python code syntax and style conventions
[0.466s] -- Configured 'flake8' exclude dirs and/or files: 
[0.466s] -- Added test 'lint_cmake' to check CMake code style
[0.466s] -- Added test 'pep257' to check Python code against some of the docstring style conventions in PEP 257
[0.467s] -- Added test 'uncrustify' to check C / C++ code style
[0.467s] -- Configured uncrustify additional arguments: 
[0.467s] -- Added test 'xmllint' to check XML markup files
[0.469s] -- Configuring done (0.4s)
[0.475s] -- Generating done (0.0s)
[0.477s] -- Build files have been written to: /home/ubuntu/NAV2/src/build/vipnav
[0.512s] [ 50%] [32mBuilding CXX object CMakeFiles/velocity_listener.dir/node/velocity_listener.cpp.o[0m
[0.559s] [01m[K/home/ubuntu/NAV2/src/vipnav/node/velocity_listener.cpp:4:10:[m[K [01;31m[Kfatal error: [m[Kgeometry_msgs/msg/Twist: No such file or directory
[0.559s]     4 | #include [01;31m[K"geometry_msgs/msg/Twist"[m[K
[0.560s]       |          [01;31m[K^~~~~~~~~~~~~~~~~~~~~~~~~[m[K
[0.560s] compilation terminated.
[0.560s] gmake[2]: *** [CMakeFiles/velocity_listener.dir/build.make:76: CMakeFiles/velocity_listener.dir/node/velocity_listener.cpp.o] Error 1
[0.560s] gmake[1]: *** [CMakeFiles/Makefile2:137: CMakeFiles/velocity_listener.dir/all] Error 2
[0.561s] gmake: *** [Makefile:146: all] Error 2
[0.564s] Invoked command in '/home/ubuntu/NAV2/src/build/vipnav' returned '2': CMAKE_PREFIX_PATH=${CMAKE_PREFIX_PATH}:/opt/ros/jazzy /usr/bin/cmake --build /home/ubuntu/NAV2/src/build/vipnav -- -j16 -l16
