[01m[K/home/ubuntu/NAV2/src/vipnav/node/velocity_listener.cpp:[m[K In lambda function:
[01m[K/home/ubuntu/NAV2/src/vipnav/node/velocity_listener.cpp:24:9:[m[K [01;31m[Kerror: [m[Kexpected ‘[01m[K,[m[K’ or ‘[01m[K;[m[K’ before ‘[01m[Kdouble[m[K’
   24 |         [01;31m[Kdouble[m[K linear_y = msg.linear.y
      |         [01;31m[K^~~~~~[m[K
[01m[K/home/ubuntu/NAV2/src/vipnav/node/velocity_listener.cpp:23:16:[m[K [01;35m[Kwarning: [m[Kunused variable ‘[01m[Klinear_x[m[K’ [[01;35m[K]8;;https://gcc.gnu.org/onlinedocs/gcc/Warning-Options.html#index-Wunused-variable-Wunused-variable]8;;[m[K]
   23 |         double [01;35m[Klinear_x[m[K = msg.linear.x
      |                [01;35m[K^~~~~~~~[m[K
[01m[K/home/ubuntu/NAV2/src/vipnav/node/velocity_listener.cpp:[m[K In function ‘[01m[Kint[01;32m[K main[m[K(int, char**)[m[K’:
[01m[K/home/ubuntu/NAV2/src/vipnav/node/velocity_listener.cpp:40:33:[m[K [01;31m[Kerror: [m[K‘[01m[KMinimalPublisher[m[K’ was not declared in this scope
   40 |   rclcpp::spin(std::make_shared<[01;31m[KMinimalPublisher[m[K>());
      |                                 [01;31m[K^~~~~~~~~~~~~~~~[m[K
[01m[K/home/ubuntu/NAV2/src/vipnav/node/velocity_listener.cpp:40:50:[m[K [01;31m[Kerror: [m[Kno matching function for call to ‘[01m[Kmake_shared<<expression error> >()[m[K’
   40 |   rclcpp::spin([01;31m[Kstd::make_shared<MinimalPublisher>()[m[K);
      |                [01;31m[K~~~~~~~~~~~~~~~~~~~~~~~~~~~~~~~~~~^~[m[K
In file included from [01m[K/usr/include/c++/13/memory:80[m[K,
                 from [01m[K/home/ubuntu/NAV2/src/vipnav/node/velocity_listener.cpp:2[m[K:
[01m[K/usr/include/c++/13/bits/shared_ptr.h:1005:5:[m[K [01;36m[Knote: [m[Kcandidate: ‘[01m[Ktemplate<class _Tp, class ... _Args> std::shared_ptr<typename std::enable_if<(! std::is_array< <template-parameter-1-1> >::value), _Tp>::type> std::[01;32m[Kmake_shared[m[K(_Args&& ...)[m[K’
 1005 |     [01;36m[Kmake_shared[m[K(_Args&&... __args)
      |     [01;36m[K^~~~~~~~~~~[m[K
[01m[K/usr/include/c++/13/bits/shared_ptr.h:1005:5:[m[K [01;36m[Knote: [m[K  template argument deduction/substitution failed:
[01m[K/home/ubuntu/NAV2/src/vipnav/node/velocity_listener.cpp:40:50:[m[K [01;31m[Kerror: [m[Ktemplate argument 1 is invalid
   40 |   rclcpp::spin([01;31m[Kstd::make_shared<MinimalPublisher>()[m[K);
      |                [01;31m[K~~~~~~~~~~~~~~~~~~~~~~~~~~~~~~~~~~^~[m[K
gmake[2]: *** [CMakeFiles/velocity_listener.dir/build.make:76: CMakeFiles/velocity_listener.dir/node/velocity_listener.cpp.o] Error 1
gmake[1]: *** [CMakeFiles/Makefile2:137: CMakeFiles/velocity_listener.dir/all] Error 2
gmake: *** [Makefile:146: all] Error 2
